C:\Users\unicom>ppm install utf8::all
ppm install failed: DBD::SQLite::db selectrow_array failed: database disk image is malformed

C:\Users\unicom>cd C:\Users\unicom\AppData\Local\ActiveState\ActivePerl

C:\Users\unicom\AppData\Local\ActiveState\ActivePerl>tree /f
文件夹 PATH 列表
卷序列号为 803D-ECA4
C:.
├─1602
│      ppm-MSWin32-x86-multi-thread-5_16.db
│
└─2400
        ppm-MSWin32-x64-multi-thread-5_24.db
        ppm-MSWin32-x64-multi-thread-5_24.db.gz
        ppm-MSWin32-x64-multi-thread-5_24.db.old

C:\Users\unicom\AppData\Local\ActiveState\ActivePerl>del 2400\ppm-MSWin32-x64-multi-thread-5_24.db.old

C:\Users\unicom\AppData\Local\ActiveState\ActivePerl>del 2400\ppm-MSWin32-x64-multi-thread-5_24.db.gz

C:\Users\unicom\AppData\Local\ActiveState\ActivePerl>ppm install utf8::all
ppm install failed: DBD::SQLite::db selectrow_array failed: database disk image is malformed

C:\Users\unicom\AppData\Local\ActiveState\ActivePerl>del 2400
C:\Users\unicom\AppData\Local\ActiveState\ActivePerl\2400\*, 是否确认(Y/N)? y

C:\Users\unicom\AppData\Local\ActiveState\ActivePerl>ppm install utf8::all
Downloading ActiveState Package Repository dbimage...  1%

Downloading ActiveState Package Repository dbimage...done
ppm install failed: Can't uncompress C:\Users\unicom\AppData\Local/ActiveState/ActivePerl/2400/ppm-MSWin32-x64-multi-thread-5_24.db.gz:


C:\Users\unicom\AppData\Local\ActiveState\ActivePerl>tree /f
文件夹 PATH 列表
卷序列号为 803D-ECA4
C:.
├─1602
│      ppm-MSWin32-x86-multi-thread-5_16.db
│
└─2400
        ppm-MSWin32-x64-multi-thread-5_24.db
        ppm-MSWin32-x64-multi-thread-5_24.db.gz
        ppm-MSWin32-x64-multi-thread-5_24.db.old


C:\Users\unicom\AppData\Local\ActiveState\ActivePerl>del /s
命令语法不正确。

C:\Users\unicom\AppData\Local\ActiveState\ActivePerl>del /s *
C:\Users\unicom\AppData\Local\ActiveState\ActivePerl\*, 是否确认(Y/N)? y
C:\Users\unicom\AppData\Local\ActiveState\ActivePerl\1602\*, 是否确认(Y/N)? y
删除文件 - C:\Users\unicom\AppData\Local\ActiveState\ActivePerl\1602\ppm-MSWin32-x86-multi-thread-5_16.db
C:\Users\unicom\AppData\Local\ActiveState\ActivePerl\2400\*, 是否确认(Y/N)? y
删除文件 - C:\Users\unicom\AppData\Local\ActiveState\ActivePerl\2400\ppm-MSWin32-x64-multi-thread-5_24.db
删除文件 - C:\Users\unicom\AppData\Local\ActiveState\ActivePerl\2400\ppm-MSWin32-x64-multi-thread-5_24.db.gz
删除文件 - C:\Users\unicom\AppData\Local\ActiveState\ActivePerl\2400\ppm-MSWin32-x64-multi-thread-5_24.db.old

